[backblue.gif]
[fade.gif]
[index.html]
[famous.org/docs/favicon.ico]
[famous.org/docs/assets/scripts/search-index-data.js]
[famous.org/docs/assets/scripts/searcher.js]
[famous.org/docs/assets/scripts/menu-tree-data.js]
[famous.org/docs/index.html]
[famous.org/docs/assets/scripts/searchdoc.js]
[famous.org/docs/assets/styles/fonts/LatoLatin-Regular.eot]
[famous.org/docs/assets/styles/fonts/LatoLatin-Regulard41d.eot]
[famous.org/docs/assets/styles/fonts/LatoLatin-Regular.woff]
[famous.org/docs/assets/styles/fonts/LatoLatin-Regular.ttf]
[famous.org/docs/assets/styles/fonts/LatoLatinHair-Regular.eot]
[famous.org/docs/assets/styles/fonts/LatoLatinHair-Regulard41d.eot]
[famous.org/docs/assets/styles/fonts/LatoLatinHair-Regular.woff]
[famous.org/docs/assets/styles/fonts/LatoLatinHair-Regular.ttf]
[famous.org/docs/assets/styles/fonts/LatoLatinLight-Regular.eot]
[famous.org/docs/assets/styles/fonts/LatoLatinLight-Regular.woff]
[famous.org/docs/assets/styles/fonts/LatoLatinLight-Regular.ttf]
[famous.org/docs/assets/styles/fonts/LatoLatinBlack-Regular.eot]
[famous.org/docs/assets/styles/fonts/LatoLatinBlack-Regular.woff]
[famous.org/docs/assets/styles/fonts/LatoLatinBlack-Regular.ttf]
[famous.org/docs/assets/styles/fonts/LatoLatin-Bold.eot]
[famous.org/docs/assets/styles/fonts/LatoLatin-Bold.woff]
[famous.org/docs/assets/styles/fonts/LatoLatin-Bold.ttf]
[famous.org/docs/assets/styles/main.css]
[famous.org/index.html]
[famous.org/docs/assets/styles/fonts/LatoLatinLight-Regulard41d.eot]
[famous.org/docs/assets/styles/fonts/LatoLatinBlack-Regulard41d.eot]
[famous.org/docs/assets/images/famous-logo-text.svg]
[famous.org/docs/assets/styles/fonts/LatoLatin-Boldd41d.eot]
[famous.org/framework/assets/scripts/toc.js]
[famous.org/framework/index.html]
[famous.org/learn/assets/scripts/toc.js]
[famous.org/learn/index.html]
[famous.org/support/index.html]
[famous.org/get-started.html]
[famous.org/terms.html]
[famous.org/privacy-policy.html]
[famous.org/docs/assets/images/download.svg]
[famous.org/docs/assets/images/search.svg]
[famous.org/framework/assets/styles/fonts/LatoLatin-Regular.eot]
[famous.org/framework/assets/styles/fonts/LatoLatin-Regular.woff]
[famous.org/framework/assets/styles/fonts/LatoLatin-Regulard41d.eot]
[famous.org/framework/assets/styles/fonts/LatoLatin-Regular.ttf]
[famous.org/framework/assets/styles/fonts/LatoLatinHair-Regular.eot]
[famous.org/framework/assets/styles/fonts/LatoLatinHair-Regular.woff]
[famous.org/framework/assets/styles/fonts/LatoLatinHair-Regulard41d.eot]
[famous.org/framework/assets/styles/fonts/LatoLatinHair-Regular.ttf]
[famous.org/framework/assets/styles/fonts/LatoLatinLight-Regular.eot]
[famous.org/framework/assets/styles/fonts/LatoLatinLight-Regulard41d.eot]
[famous.org/framework/assets/styles/fonts/LatoLatinLight-Regular.woff]
[famous.org/framework/assets/styles/fonts/LatoLatinLight-Regular.ttf]
[famous.org/framework/assets/styles/fonts/LatoLatinBlack-Regular.eot]
[famous.org/framework/assets/styles/fonts/LatoLatinBlack-Regulard41d.eot]
[famous.org/framework/assets/styles/fonts/LatoLatinBlack-Regular.woff]
[famous.org/framework/assets/styles/fonts/LatoLatinBlack-Regular.ttf]
[famous.org/framework/assets/styles/fonts/LatoLatin-Bold.eot]
[famous.org/framework/assets/styles/fonts/LatoLatin-Bold.woff]
[famous.org/framework/assets/styles/fonts/LatoLatin-Bold.ttf]
[famous.org/framework/assets/styles/main.css]
[famous.org/framework/assets/images/famous-logo-text.svg]
[famous.org/framework/hello-framework.html]
[famous.org/framework/getting-started.html]
[famous.org/framework/assets/styles/fonts/LatoLatin-Boldd41d.eot]
[famous.org/framework/best.png]
[famous.org/framework/core-concepts.html]
[famous.org/framework/behaviors.html]
[famous.org/framework/events.html]
[famous.org/framework/states.html]
[famous.org/framework/tree.html]
[famous.org/framework/layout.html]
[famous.org/framework/control-flow.html]
[famous.org/framework/includes.html]
[famous.org/framework/imports.html]
[famous.org/framework/static-assets.html]
[famous.org/framework/timelines.html]
[famous.org/framework/$dispatcher.html]
[famous.org/framework/$event.html]
[famous.org/framework/$index.html]
[famous.org/framework/$payload.html]
[famous.org/framework/$repeatPayload.html]
[famous.org/framework/$route.html]
[famous.org/framework/$state.html]
[famous.org/framework/$timelines.html]
[famous.org/framework/sugar.html]
[famous.org/framework/examples.html]
[famous.org/framework/AppleTV/index.html]
[famous.org/framework/AppleTV/getting-started.html]
[famous.org/framework/AppleTV/structuring-an-app.html]
[famous.org/framework/AppleTV/appletv.png]
[famous.org/framework/AppleTV/addbehaviors.png]
[famous.org/framework/AppleTV/behaviors.html]
[famous.org/framework/AppleTV/adding-state.html]
[famous.org/framework/AppleTV/rotation.png]
[famous.org/framework/AppleTV/setting-images.html]
[famous.org/framework/AppleTV/addimages.png]
[famous.org/framework/AppleTV/positioning-images.html]
[famous.org/framework/AppleTV/animations.html]
[famous.org/framework/AppleTV/rotations.html]
[famous.org/framework/AppleTV/finish.html]
[famous.org/framework/faq.html]
[famous.org/framework/AppleTV/zaxis.png]
[famous.org/learn/assets/styles/fonts/LatoLatin-Regular.eot]
[famous.org/learn/assets/styles/fonts/LatoLatin-Regulard41d.eot]
[famous.org/learn/assets/styles/fonts/LatoLatin-Regular.woff]
[famous.org/learn/assets/styles/fonts/LatoLatin-Regular.ttf]
[famous.org/learn/assets/styles/fonts/LatoLatinHair-Regular.eot]
[famous.org/learn/assets/styles/fonts/LatoLatinHair-Regular.woff]
[famous.org/learn/assets/styles/fonts/LatoLatinHair-Regulard41d.eot]
[famous.org/learn/assets/styles/fonts/LatoLatinHair-Regular.ttf]
[famous.org/learn/assets/styles/fonts/LatoLatinLight-Regular.eot]
[famous.org/learn/assets/styles/fonts/LatoLatinLight-Regulard41d.eot]
[famous.org/learn/assets/styles/fonts/LatoLatinLight-Regular.woff]
[famous.org/learn/assets/styles/fonts/LatoLatinLight-Regular.ttf]
[famous.org/learn/assets/styles/fonts/LatoLatinBlack-Regular.eot]
[famous.org/learn/assets/styles/fonts/LatoLatinBlack-Regular.woff]
[famous.org/learn/assets/styles/fonts/LatoLatinBlack-Regular.ttf]
[famous.org/learn/assets/styles/fonts/LatoLatin-Bold.eot]
[famous.org/learn/assets/styles/fonts/LatoLatin-Bold.woff]
[famous.org/learn/assets/styles/fonts/LatoLatin-Bold.ttf]
[famous.org/learn/assets/styles/fonts/LatoLatinBlack-Regulard41d.eot]
[famous.org/learn/assets/styles/main.css]
[famous.org/learn/assets/images/famous-logo-text.svg]
[famous.org/learn/hello-famous.html]
[famous.org/learn/download-and-install.html]
[famous.org/learn/browser-and-device-support.html]
[famous.org/learn/contributing.html]
[famous.org/learn/boilerplate.html]
[famous.org/learn/assets/styles/fonts/LatoLatin-Boldd41d.eot]
[famous.org/learn/assets/images/scene-graph.png]
[famous.org/learn/scene-graph.html]
[famous.org/learn/assets/images/scene-graph-compare.png]
[famous.org/learn/assets/images/node-components.png]
[famous.org/learn/components.html]
[famous.org/learn/displaying-content.html]
[famous.org/learn/styling-content.html]
[famous.org/learn/positioning.html]
[famous.org/learn/sizing.html]
[famous.org/learn/user-input.html]
[famous.org/learn/gesture-handler.html]
[famous.org/learn/transitionables.html]
[famous.org/learn/easing-curves.html]
[famous.org/learn/program-events.html]
[famous.org/learn/physics.html]
[famous.org/learn/webgl-content.html]
[famous.org/learn/webgl-styling.html]
[famous.org/learn/Carousel/index.html]
[famous.org/learn/Carousel/GettingStarted.html]
[famous.org/learn/Carousel/HelloFamous.html]
[famous.org/learn/Carousel/assets/images/Carousel.png]
[famous.org/learn/Carousel/Architecture.html]
[famous.org/learn/Carousel/assets/images/appareas.png]
[famous.org/learn/Carousel/Layout.html]
[famous.org/learn/Carousel/assets/images/classes.png]
[famous.org/learn/Carousel/OrganizingCode.html]
[famous.org/learn/Carousel/Arrows.html]
[famous.org/learn/Carousel/assets/images/Arrow.png]
[famous.org/learn/Carousel/assets/images/Dots.png]
[famous.org/learn/Carousel/Dots.html]
[famous.org/learn/Carousel/Pager.html]
[famous.org/learn/Carousel/assets/images/Pager.png]
[famous.org/learn/Carousel/assets/images/Physics.png]
[famous.org/learn/Carousel/AnimatingWithPhysics.html]
[famous.org/learn/Carousel/UserInteraction.html]
[famous.org/learn/Carousel/Finish.html]
[famous.org/learn/Twitterus/index.html]
[famous.org/learn/Twitterus/GettingStarted.html]
[famous.org/learn/Twitterus/CreatingAnApp.html]
[famous.org/learn/Twitterus/assets/images/SG.png]
[famous.org/learn/Twitterus/assets/images/SceneandLayout.png]
[famous.org/learn/Twitterus/Architecture.html]
[famous.org/learn/Twitterus/assets/images/MainLayout.png]
[famous.org/learn/Twitterus/Layout.html]
[famous.org/learn/Twitterus/Header.html]
[famous.org/learn/Twitterus/assets/images/header.png]
[famous.org/learn/Twitterus/assets/images/footer.png]
[famous.org/learn/Twitterus/Footer.html]
[famous.org/learn/Twitterus/assets/images/swapper.png]
[famous.org/learn/Twitterus/Swapper.html]
[famous.org/learn/Twitterus/UserInteraction.html]
[famous.org/learn/Twitterus/Animation.html]
[famous.org/learn/Twitterus/Finish.html]
[famous.org/learn/MixedMode/index.html]
[famous.org/learn/MixedMode/UsingMeshes.html]
[famous.org/learn/MixedMode/LightsCameraAction.html]
[famous.org/learn/MixedMode/MixingModes.html]
[famous.org/learn/MixedMode/OrganizingOurScene.html]
[famous.org/learn/MixedMode/ImportingTheModel.html]
[famous.org/learn/MixedMode/TheIframeScreen.html]
[famous.org/learn/MixedMode/DetailsDetails.html]
[famous.org/learn/MixedMode/Finish.html]
[famous.org/learn/pitfalls.html]
[famous.org/learn/faq.html]
[famous.org/learn/glossary.html]
[famous.org/learn/resources.html]
[famous.org/css/main.css]
[famous.org/images/famous-logo-text.svg]
[famous.org/images/fpo-copy.png]
[famous.org/cla/index.html]
[famous.org/support/linkid.html]
[famous.org/linkid.html]
[famous.org/framework/assets/images/download.svg]
[famous.org/framework/control-flow-2.html]
[famous.org/framework/raw-code.html]
[famous.org/learn/assets/images/download.svg]
[famous.org/examples/favicon3860.ico]
[famous.org/examples/bundle.js]
[famous.org/examples/indexd1b6.html]
[famous.org/examples/index582d.html]
[famous.org/examples/index9d87.html]
[famous.org/examples/index408a.html]
[famous.org/examples/indexa485.html]
[famous.org/examples/index9662.html]
[famous.org/examples/indexf138.html]
[famous.org/examples/index27a7.html]
[famous.org/examples/indexa9e3.html]
[famous.org/examples/index621f.html]
[famous.org/examples/index868b.html]
[famous.org/learn/assets/projects/easingcurves/index.html]
[famous.org/learn/assets/projects/easingcurves/main.bundle.js]
[famous.org/learn/assets/projects/carousel/index.html]
[famous.org/learn/assets/projects/carousel/bundle.js]
[famous.org/learn/assets/projects/twitterus/fonts/opensans-regular-webfont.eot]
[famous.org/learn/assets/projects/twitterus/fonts/opensans-regular-webfontd41d.eot]
[famous.org/learn/assets/projects/twitterus/fonts/opensans-regular-webfont.woff]
[famous.org/learn/assets/projects/twitterus/fonts/opensans-regular-webfont.ttf]
[famous.org/learn/assets/projects/twitterus/fonts/opensans-bold-webfont.woff]
[famous.org/learn/assets/projects/twitterus/fonts/opensans-bold-webfont.ttf]
[famous.org/learn/assets/projects/twitterus/bgimage.png]
[famous.org/learn/assets/projects/twitterus/index.html]
[famous.org/learn/Twitterus/positioning.html]
[famous.org/learn/Twitterus/famous.org/learn.html]
[famous.org/learn/Twitterus/layout-2.html]
[famous.org/learn/assets/projects/twitterus/bundle.js]
[famous.org/learn/assets/projects/mixedmode/favicon3860.ico]
[famous.org/learn/assets/projects/mixedmode/index.html]
[famous.org/images/download.svg]
[famous.org/cla/linkid.html]
[famous.org/examples/vendor/normalize.css]
[famous.org/examples/vendor/codemirror.css]
[famous.org/examples/vendor/monokai.css]
[famous.org/examples/styles/container.css]
[famous.org/examples/images/famous-logo.svg]
[famous.org/learn/assets/projects/mixedmode/bundle.js]
[famous.org/learn/assets/projects/twitterus/fonts/opensans-semibold-webfont.html]
[famous.org/learn/assets/projects/twitterus/fonts/opensans-semibold-webfontd41d.html]
[famous.org/learn/assets/projects/twitterus/fonts/opensans-semibold-webfont-2.html]
[famous.org/learn/assets/projects/twitterus/fonts/opensans-semibold-webfont-3.html]
[famous.org/learn/assets/projects/twitterus/fonts/opensans-semibold-webfont-4.html]
[famous.org/learn/assets/projects/twitterus/fonts/opensans-regular-webfont.html]
[famous.org/learn/assets/projects/twitterus/fonts/opensans-bold-webfont.html]
[famous.org/learn/assets/projects/twitterus/fonts/opensans-bold-webfontd41d.html]
[famous.org/learn/assets/projects/twitterus/fonts/opensans-bold-webfont-2.html]
[famous.org/learn/assets/projects/twitterus/fonts/WebSymbolsLigaRegular.html]
[famous.org/learn/assets/projects/twitterus/fonts/WebSymbolsLigaRegulard41d.html]
[famous.org/learn/assets/projects/twitterus/fonts/WebSymbolsLigaRegular-2.html]
[famous.org/learn/assets/projects/twitterus/fonts/WebSymbolsLigaRegular-3.html]
[famous.org/learn/assets/projects/twitterus/fonts/WebSymbolsLigaRegular-4.html]
[famous.org/learn/assets/projects/twitterus/fonts/entypo.html]
[famous.org/learn/assets/projects/twitterus/fonts/entypod41d.html]
[famous.org/learn/assets/projects/twitterus/fonts/entypo-2.html]
[famous.org/learn/assets/projects/twitterus/fonts/entypo-3.html]
[famous.org/learn/assets/projects/twitterus/fonts/entypo-4.html]
[famous.org/learn/assets/projects/twitterus/fonts/entypo-social.html]
[famous.org/learn/assets/projects/twitterus/fonts/entypo-sociald41d.html]
[famous.org/learn/assets/projects/twitterus/fonts/entypo-social-2.html]
[famous.org/learn/assets/projects/twitterus/fonts/entypo-social-3.html]
[famous.org/learn/assets/projects/twitterus/fonts/entypo-social-4.html]
