[backblue.gif]
[fade.gif]
[index.html]
[code.famo.us/assets/famous.jpg]
[code.famo.us/lib/requestAnimationFrame.js]
[code.famo.us/lib/functionPrototypeBind.js]
[famo.us/lib/alameda.min.js]
[famo.us/lib/zepto.min.js]
[famo.us/src/social.js]
[famo.us/lib/famous/famous.min.js]
[famo.us/src/demos.js]
[famo.us/docs/api/latest/js/main.js]
[www.google-analytics.com/analytics.js]
[famo.us/docs/index.html]
[code.famo.us/famous-starter-kit/famous-starter-kit460f.zip]
[famo.us/index.html]
[famo.us/lib/famous/famous.css]
[famo.us/assets/fonts/b0908846-3d5c-4768-af33-5f968b1da156.woff]
[famo.us/assets/fonts/7adddd91-84e0-4423-b40e-61945189916d.eot]
[famo.us/assets/fonts/3a42a252-67ff-4186-88cf-762f56719ca1.woff]
[famo.us/assets/fonts/fe1602be-28ca-467e-9cd3-7bfc586f31bc.ttf]
[famo.us/assets/fonts/icomoond41d.eot]
[famo.us/assets/fonts/icomoon7663.woff]
[famo.us/assets/fonts/icomoon7663.ttf]
[famo.us/assets/style.css]
[famo.us/assets/code.css]
[famo.us/assets/images/famous_logo_white.svg]
[famo.us/university]
[famo.us/angular]
[famo.us/help.html]
[famo.us/assets/fonts/dbc39ae3-2636-4653-a23e-8938bce2cf51.ttf]
[famo.us/blog]
[famo.us/docs/api/index.html]
[famo.us/docs/reference]
[famo.us/branding/index.html]
[famo.us/terms/index.html]
[famo.us/privacy-policy/index.html]
[famo.us/assets/fonts/icomoon7663.svg]
[famo.us/assets/images/device-iphone.svg]
[famo.us/university/home/index.html]
[famo.us/integrations/angular/bower_components/jquery/dist/jquery.min.js]
[famo.us/integrations/angular/bower_components/jquery-mousewheel/jquery.mousewheel.min.js]
[famo.us/integrations/angular/bower_components/lodash/dist/lodash.min.js]
[famo.us/integrations/angular/libs/js/famous-global.0.2.2.min.js]
[famo.us/integrations/angular/bower_components/angular/angular.min.js]
[famo.us/integrations/angular/bower_components/angular-ui-router/release/angular-ui-router.min.js]
[famo.us/integrations/angular/bower_components/famous-angular/dist/famous-angular.min.js]
[famo.us/integrations/angular/build/main.min.js]
[famo.us/integrations/angular/index.html]
[famo.us/guides/index.html]
[famo.us/integrations/angular/bower_components/bootstrap/dist/js/bootstrap.min.js]
[famo.us/integrations/angular/libs/js/highlight.pack.js]
[famo.us/integrations/angular/docs/api/index.html]
[famo.us/integrations/angular/bower_components/famous/dist/famous-global.min.js]
[famo.us/privacy/index.html]
[famo.us/blog/index.html]
[famo.us/docs/api/latest/core/Context.html]
[famo.us/docs/api/latest/core/ElementAllocator.html]
[famo.us/docs/api/latest/core/ElementOutput.html]
[famo.us/docs/api/latest/core/Engine.html]
[famo.us/docs/api/latest/core/Entity.html]
[famo.us/docs/api/latest/core/EventEmitter.html]
[famo.us/docs/api/latest/core/EventHandler.html]
[famo.us/docs/api/latest/core/Group.html]
[famo.us/docs/api/latest/core/Modifier.html]
[famo.us/docs/api/latest/core/OptionsManager.html]
[famo.us/docs/api/latest/core/RenderNode.html]
[famo.us/docs/api/latest/core/Scene.html]
[famo.us/docs/api/latest/core/SpecParser.html]
[famo.us/docs/api/latest/core/Transform.html]
[famo.us/docs/api/latest/core/View.html]
[famo.us/docs/api/latest/core/ViewSequence.html]
[famo.us/docs/api/latest/events/EventArbiter.html]
[famo.us/docs/api/latest/events/EventFilter.html]
[famo.us/docs/api/latest/events/EventMapper.html]
[famo.us/docs/api/latest/inputs/Accumulator.html]
[famo.us/docs/api/latest/inputs/GenericSync.html]
[famo.us/docs/api/latest/inputs/MouseSync.html]
[famo.us/docs/api/latest/inputs/PinchSync.html]
[famo.us/docs/api/latest/inputs/RotateSync.html]
[famo.us/docs/api/latest/inputs/ScaleSync.html]
[famo.us/docs/api/latest/inputs/ScrollSync.html]
[famo.us/docs/api/latest/inputs/TouchSync.html]
[famo.us/docs/api/latest/inputs/TouchTracker.html]
[famo.us/docs/api/latest/inputs/TwoFingerSync.html]
[famo.us/docs/api/latest/math/Matrix.html]
[famo.us/docs/api/latest/math/Quaternion.html]
[famo.us/docs/api/latest/math/Random.html]
[famo.us/docs/api/latest/math/Utilities.html]
[famo.us/docs/api/latest/math/Vector.html]
[famo.us/docs/api/latest/modifiers/Draggable.html]
[famo.us/docs/api/latest/modifiers/Fader.html]
[famo.us/docs/api/latest/modifiers/ModifierChain.html]
[famo.us/docs/api/latest/modifiers/StateModifier.html]
[famo.us/docs/api/latest/physics/PhysicsEngine.html]
[famo.us/docs/api/latest/physics/bodies/Body.html]
[famo.us/docs/api/latest/physics/bodies/Circle.html]
[famo.us/docs/api/latest/physics/bodies/Particle.html]
[famo.us/docs/api/latest/physics/bodies/Rectangle.html]
[famo.us/docs/api/latest/physics/constraints/Surface.html]
[famo.us/docs/api/latest/physics/constraints/Collision.html]
[famo.us/docs/api/latest/physics/constraints/Constraint.html]
[famo.us/docs/api/latest/physics/constraints/Curve.html]
[famo.us/docs/api/latest/physics/constraints/Distance.html]
[famo.us/docs/api/latest/physics/constraints/Snap.html]
[famo.us/docs/api/latest/physics/constraints/Wall.html]
[famo.us/docs/api/latest/physics/constraints/Walls.html]
[famo.us/docs/api/latest/physics/forces/Drag.html]
[famo.us/docs/api/latest/physics/forces/Force.html]
[famo.us/docs/api/latest/physics/forces/Repulsion.html]
[famo.us/docs/api/latest/physics/forces/RotationalDrag.html]
[famo.us/docs/api/latest/physics/forces/RotationalSpring.html]
[famo.us/docs/api/latest/physics/forces/Spring.html]
[famo.us/docs/api/latest/physics/forces/VectorField.html]
[famo.us/docs/api/latest/physics/integrators/SymplecticEuler.html]
[famo.us/docs/api/latest/surfaces/CanvasSurface.html]
[famo.us/docs/api/latest/surfaces/ContainerSurface.html]
[famo.us/docs/api/latest/surfaces/ImageSurface.html]
[famo.us/docs/api/latest/surfaces/InputSurface.html]
[famo.us/docs/api/latest/surfaces/TextareaSurface.html]
[famo.us/docs/api/latest/surfaces/VideoSurface.html]
[famo.us/docs/api/latest/transitions/CachedMap.html]
[famo.us/docs/api/latest/transitions/Easing.html]
[famo.us/docs/api/latest/transitions/MultipleTransition.html]
[famo.us/docs/api/latest/transitions/SnapTransition.html]
[famo.us/docs/api/latest/transitions/SpringTransition.html]
[famo.us/docs/api/latest/transitions/Transitionable.html]
[famo.us/docs/api/latest/transitions/TransitionableTransform.html]
[famo.us/docs/api/latest/transitions/TweenTransition.html]
[famo.us/docs/api/latest/transitions/WallTransition.html]
[famo.us/docs/api/latest/utilities/KeyCodes.html]
[famo.us/docs/api/latest/utilities/Timer.html]
[famo.us/docs/api/latest/utilities/Utility.html]
[famo.us/docs/api/latest/views/ContextualView.html]
[famo.us/docs/api/latest/views/Deck.html]
[famo.us/docs/api/latest/views/DrawerLayout.html]
[famo.us/docs/api/latest/views/EdgeSwapper.html]
[famo.us/docs/api/latest/views/FlexibleLayout.html]
[famo.us/docs/api/latest/views/Flipper.html]
[famo.us/docs/api/latest/views/GridLayout.html]
[famo.us/docs/api/latest/views/HeaderFooterLayout.html]
[famo.us/docs/api/latest/views/Lightbox.html]
[famo.us/docs/api/latest/views/RenderController.html]
[famo.us/docs/api/latest/views/ScrollContainer.html]
[famo.us/docs/api/latest/views/Scroller.html]
[famo.us/docs/api/latest/views/Scrollview.html]
[famo.us/docs/api/latest/views/SequentialLayout.html]
[famo.us/docs/api/latest/widgets/NavigationBar.html]
[famo.us/docs/api/latest/widgets/ToggleButton.html]
[famo.us/docs/reference/favicon5e1f.ico]
[s3-us-west-2.amazonaws.com/university.famo.us/releases/20150129145231/limelight/fu2-famous-limelight.min.js]
[famo.us/docs/reference/index.html]
[famo.us/privacy/index.html]
[fonts.googleapis.com/css25a6.css]
[fonts.googleapis.com/css28b8.css]
[famo.us/university/lessons/src/4f231991.polyfills.js]
[famo.us/university/lessons/index.html]
[famo.us/university/lessons/src/103245dd.vendor.js]
[famo.us/integrations/angular/bower_components/bootstrap/dist/fonts/glyphicons-halflings-regular.eot]
[famo.us/integrations/angular/bower_components/bootstrap/dist/fonts/glyphicons-halflings-regulard41d.eot]
[famo.us/integrations/angular/bower_components/bootstrap/dist/fonts/glyphicons-halflings-regular.woff]
[famo.us/university/lessons/lib-local/ace-min-noconflict/ace.js]
[famo.us/integrations/angular/bower_components/bootstrap/dist/css/bootstrap.min.css]
[famo.us/university/lessons/src/91710969.main.js]
[famo.us/integrations/angular/fonts/b0908846-3d5c-4768-af33-5f968b1da156.woff]
[famo.us/integrations/angular/bower_components/bootstrap/dist/fonts/glyphicons-halflings-regular.ttf]
[famo.us/integrations/angular/fonts/7adddd91-84e0-4423-b40e-61945189916d.html]
[famo.us/integrations/angular/fonts/3a42a252-67ff-4186-88cf-762f56719ca1.woff]
[famo.us/integrations/angular/build/main.min.css]
[fonts.googleapis.com/css8f52.css]
[fonts.googleapis.com/cssf519.css]
[famo.us/integrations/angular/bower_components/famous-angular/dist/famous-angular.min.css]
[famo.us/integrations/angular/fonts/fe1602be-28ca-467e-9cd3-7bfc586f31bc.ttf]
[famo.us/integrations/angular/bower_components/octicons/octicons/octiconsd41d.eot]
[famo.us/integrations/angular/bower_components/octicons/octicons/octicons.woff]
[famo.us/integrations/angular/bower_components/octicons/octicons/octicons.css]
[famo.us/integrations/angular/bower_components/octicons/octicons/octicons.ttf]
[famo.us/integrations/angular/img/famous_logo_white.svg]
[famo.us/guides/render-tree.html]
[famo.us/guides/layout.html]
[famo.us/guides/animations.html]
[famo.us/guides/events.html]
[famo.us/guides/pitfalls.html]
[famo.us/integrations/angular/libs/css/syntax-hightlighting.css]
[famo.us/integrations/angular/fonts/dbc39ae3-2636-4653-a23e-8938bce2cf51.ttf]
[famo.us/integrations/angular/img/famous-logo.png]
[famo.us/integrations/angular/faq/index.html]
[famo.us/integrations/angular/img/TS_Just_logo.png]
[famo.us/integrations/angular/docs/unstable/api/directive/faAnimateEnter/index.html]
[famo.us/integrations/angular/docs/unstable/api/directive/faAnimateHalt/index.html]
[famo.us/integrations/angular/docs/unstable/api/directive/faAnimateLeave/index.html]
[famo.us/integrations/angular/docs/unstable/api/directive/faAnimateMove/index.html]
[famo.us/integrations/angular/docs/unstable/api/directive/faAnimation/index.html]
[famo.us/integrations/angular/docs/unstable/api/directive/animate/index.html]
[famo.us/integrations/angular/docs/unstable/api/directive/faApp/index.html]
[famo.us/integrations/angular/docs/unstable/api/directive/faCanvasSurface/index.html]
[famo.us/integrations/angular/docs/unstable/api/directive/faClick/index.html]
[famo.us/integrations/angular/docs/unstable/api/directive/faClick/_a.html]
[famo.us/integrations/angular/docs/unstable/api/directive/faContainerSurface/index.html]
[famo.us/integrations/angular/docs/unstable/api/directive/faDraggable/index.html]
[famo.us/integrations/angular/docs/unstable/api/directive/faEdgeSwapper/index.html]
[famo.us/integrations/angular/docs/unstable/api/directive/faFlexibleLayout/index.html]
[famo.us/integrations/angular/docs/unstable/api/directive/faFlipper/index.html]
[famo.us/integrations/angular/docs/unstable/api/directive/faFlipper/famous.html]
[famo.us/integrations/angular/docs/unstable/api/directive/faGridLayout/index.html]
[famo.us/integrations/angular/docs/unstable/api/directive/faHeaderFooterLayout/index.html]
[famo.us/integrations/angular/docs/unstable/api/directive/faImageSurface/index.html]
[famo.us/integrations/angular/docs/unstable/api/directive/faIndex/index.html]
[famo.us/integrations/angular/docs/unstable/api/directive/ngClick/index.html]
[famo.us/integrations/angular/docs/unstable/api/directive/ngDblclick/index.html]
[famo.us/integrations/angular/docs/unstable/api/directive/ngClick/famous.html]
[famo.us/integrations/angular/docs/unstable/api/directive/ngDblclick/guide/expression.html]
[famo.us/integrations/angular/docs/unstable/api/directive/ngMousedown/index.html]
[famo.us/integrations/angular/docs/unstable/api/directive/ngMouseup/index.html]
[famo.us/integrations/angular/docs/unstable/api/directive/ngMouseup/guide/expression.html]
[famo.us/integrations/angular/docs/unstable/api/directive/ngMousedown/guide/expression.html]
[famo.us/integrations/angular/docs/unstable/api/directive/ngMouseover/index.html]
[famo.us/integrations/angular/docs/unstable/api/directive/ngMouseenter/index.html]
[famo.us/integrations/angular/docs/unstable/api/directive/ngMouseover/guide/expression.html]
[famo.us/integrations/angular/docs/unstable/api/directive/ngMouseenter/guide/expression.html]
[famo.us/integrations/angular/docs/unstable/api/directive/ngMouseleave/index.html]
[famo.us/integrations/angular/docs/unstable/api/directive/ngMousemove/index.html]
[famo.us/integrations/angular/docs/unstable/api/directive/ngMouseleave/guide/expression.html]
[famo.us/integrations/angular/docs/unstable/api/directive/ngMousemove/guide/expression.html]
[famo.us/integrations/angular/docs/unstable/api/directive/ngKeydown/index.html]
[famo.us/integrations/angular/docs/unstable/api/directive/ngKeyup/index.html]
[famo.us/integrations/angular/docs/unstable/api/directive/ngKeydown/guide/expression.html]
[famo.us/integrations/angular/docs/unstable/api/directive/ngKeyup/guide/expression.html]
[famo.us/integrations/angular/docs/unstable/api/directive/ngKeypress/index.html]
[famo.us/integrations/angular/docs/unstable/api/directive/ngSubmit/index.html]
[famo.us/integrations/angular/docs/unstable/api/directive/ngKeypress/guide/expression.html]
[famo.us/integrations/angular/docs/unstable/api/directive/ngSubmit/form.html]
[famo.us/integrations/angular/docs/unstable/api/directive/ngSubmit/guide/expression.html]
[famo.us/integrations/angular/docs/unstable/api/directive/ngFocus/index.html]
[famo.us/integrations/angular/docs/unstable/api/directive/ngFocus/guide/expression.html]
[famo.us/integrations/angular/docs/unstable/api/directive/ngBlur/guide/expression]
[famo.us/integrations/angular/docs/unstable/api/directive/ngBlur/index.html]
[famo.us/integrations/angular/docs/unstable/api/directive/ngCopy/index.html]
[famo.us/integrations/angular/docs/unstable/api/directive/ngCut/index.html]
[famo.us/integrations/angular/docs/unstable/api/directive/ngCopy/guide/expression.html]
[famo.us/integrations/angular/docs/unstable/api/directive/ngCut/guide/expression.html]
[famo.us/integrations/angular/docs/unstable/api/directive/ngPaste/index.html]
[famo.us/integrations/angular/docs/unstable/api/directive/ngPaste/guide/expression.html]
[famo.us/integrations/angular/docs/unstable/api/directive/faModifier/index.html]
[famo.us/docs/0.2.0/core/Transform.html]
[famo.us/integrations/angular/docs/unstable/api/directive/faOptions/index.html]
[famo.us/integrations/angular/docs/unstable/api/directive/faPipeFrom/index.html]
[famo.us/integrations/angular/docs/unstable/api/directive/faPipeTo/index.html]
[famo.us/integrations/angular/docs/unstable/api/directive/faRenderNode/index.html]
[famo.us/integrations/angular/docs/unstable/api/directive/faScrollView/index.html]
[famo.us/docs/0.2.0/views/Scrollview/index.html]
[famo.us/integrations/angular/docs/unstable/api/directive/faSequentialLayout/index.html]
[famo.us/integrations/angular/docs/unstable/api/directive/faSurface/index.html]
[famo.us/integrations/angular/docs/unstable/api/directive/faTap/index.html]
[famo.us/integrations/angular/docs/unstable/api/directive/faTouchend/index.html]
[famo.us/integrations/angular/docs/unstable/api/directive/faTouchmove/index.html]
[famo.us/integrations/angular/docs/unstable/api/directive/faTouchstart/index.html]
[famo.us/integrations/angular/docs/unstable/api/directive/faVideoSurface/index.html]
[famo.us/integrations/angular/docs/unstable/api/directive/faView/index.html]
[famo.us/integrations/angular/docs/unstable/api/service/$famous/index.html]
[famo.us/integrations/angular/docs/unstable/api/service/$animate/index.html]
[famo.us/integrations/angular/docs/unstable/api/service/$famousDecorator/index.html]
[famo.us/integrations/angular/docs/unstable/api/service/$famousPipe/index.html]
[famo.us/integrations/angular/docs/unstable/api/service/$timeline/index.html]
[famo.us/integrations/angular/docs/unstable/api/provider/$famousProvider/index.html]
[famo.us/docs/reference/assets/normalize.css]
[fonts.googleapis.com/css8f84.css]
[fonts.googleapis.com/cssf0be.css]
[famo.us/docs/reference/assets/global.css]
[famo.us/docs/reference/assets/fonts/b0908846-3d5c-4768-af33-5f968b1da156.woff]
[famo.us/docs/reference/assets/fonts/7adddd91-84e0-4423-b40e-61945189916d.eot]
[famo.us/docs/reference/assets/fonts/3a42a252-67ff-4186-88cf-762f56719ca1.woff]
[famo.us/docs/reference/assets/famous-website.css]
[famo.us/docs/reference/pages/0.3/index.html]
[famo.us/docs/reference/assets/fonts/fe1602be-28ca-467e-9cd3-7bfc586f31bc.ttf]
[famo.us/university/lessons/css/782bfbf9.famous.css]
[famo.us/university/lessons/css/0485fd06.app.css]
[famo.us/integrations/angular/bower_components/bootstrap/dist/fonts/glyphicons-halflings-regular.svg]
[famo.us/docs/reference/assets/fonts/dbc39ae3-2636-4653-a23e-8938bce2cf51.ttf]
[famo.us/integrations/angular/fonts/7adddd91-84e0-4423-b40e-61945189916d.html]
[famo.us/integrations/angular/bower_components/octicons/octicons/octicons.svg]
[famo.us/integrations/angular/docs/unstable/api/directive/animate/index-2.html]
[famo.us/integrations/angular/docs/unstable/api/directive/faAnimation/index-2.html]
[famo.us/integrations/angular/docs/unstable/api/directive/faSurface/index-2.html]
[code.famo.us/famous/global/0.2.2/famous.min.js]
[ajax.googleapis.com/ajax/libs/angularjs/1.2.22/angular.min.js]
[famo.us/integrations/angular/examples/example-example/index.html]
[famo.us/integrations/angular/examples/example-example/script.js]
[famo.us/integrations/angular/examples/example-example1/index.html]
[famo.us/integrations/angular/docs/unstable/api/directive/faClick/_a.html]
[famo.us/integrations/angular/docs/unstable/api/directive/faFlipper/famous.html]
[famo.us/integrations/angular/examples/example-example1/script.js]
[famo.us/integrations/angular/bower_components/famous-angular/dist/famous-angular.js]
[famo.us/integrations/angular/examples/example-example2/script.js]
[famo.us/integrations/angular/examples/example-example2/index.html]
[famo.us/integrations/angular/examples/example-example3/script.js]
[famo.us/integrations/angular/examples/example-example3/index.html]
[famo.us/integrations/angular/examples/example-example4/script.js]
[famo.us/integrations/angular/examples/example-example4/index.html]
[famo.us/integrations/angular/examples/example-example5/script.js]
[famo.us/integrations/angular/examples/example-example5/index.html]
[famo.us/integrations/angular/examples/example-example6/script.js]
[famo.us/integrations/angular/examples/example-example6/index.html]
[famo.us/integrations/angular/examples/example-example7/script.js]
[famo.us/integrations/angular/examples/example-example7/index.html]
[famo.us/integrations/angular/examples/example-example8/script.js]
[famo.us/integrations/angular/examples/example-example8/index.html]
[famo.us/integrations/angular/examples/example-example9/script.js]
[famo.us/integrations/angular/examples/example-example9/index.html]
[famo.us/integrations/angular/docs/unstable/api/directive/ngClick/famous.html]
[famo.us/integrations/angular/examples/example-example10/script.js]
[famo.us/integrations/angular/examples/example-example10/index.html]
[famo.us/integrations/angular/docs/unstable/api/directive/ngDblclick/guide/expression.html]
[famo.us/integrations/angular/examples/example-example11/index.html]
[famo.us/integrations/angular/docs/unstable/api/directive/ngMousedown/guide/expression.html]
[famo.us/integrations/angular/examples/example-example12/index.html]
[famo.us/integrations/angular/docs/unstable/api/directive/ngMouseup/guide/expression.html]
[famo.us/integrations/angular/examples/example-example13/index.html]
[famo.us/integrations/angular/docs/unstable/api/directive/ngMouseover/guide/expression.html]
[famo.us/integrations/angular/examples/example-example14/index.html]
[famo.us/integrations/angular/docs/unstable/api/directive/ngMouseenter/guide/expression.html]
[famo.us/integrations/angular/examples/example-example15/index.html]
[famo.us/integrations/angular/docs/unstable/api/directive/ngMouseleave/guide/expression.html]
[famo.us/integrations/angular/examples/example-example16/index.html]
[famo.us/integrations/angular/docs/unstable/api/directive/ngMousemove/guide/expression.html]
[famo.us/integrations/angular/examples/example-example17/index.html]
[famo.us/integrations/angular/docs/unstable/api/directive/ngKeydown/guide/expression.html]
[famo.us/integrations/angular/examples/example-example18/index.html]
[famo.us/integrations/angular/docs/unstable/api/directive/ngKeyup/guide/expression.html]
[famo.us/integrations/angular/examples/example-example19/index.html]
[famo.us/integrations/angular/docs/unstable/api/directive/ngKeypress/guide/expression.html]
[famo.us/integrations/angular/examples/example-example20/index.html]
[famo.us/integrations/angular/docs/unstable/api/directive/ngSubmit/form.html]
[famo.us/integrations/angular/docs/unstable/api/directive/ngSubmit/guide/expression.html]
[famo.us/integrations/angular/examples/example-example21/index.html]
[famo.us/integrations/angular/docs/unstable/api/directive/ngFocus/guide/expression.html]
[famo.us/integrations/angular/docs/unstable/api/directive/ngClick/index-2.html]
[famo.us/integrations/angular/docs/unstable/api/directive/ngBlur/guide/expression.html]
[famo.us/integrations/angular/docs/unstable/api/directive/ngCopy/guide/expression.html]
[famo.us/integrations/angular/examples/example-example22/index.html]
[famo.us/integrations/angular/docs/unstable/api/directive/ngCut/guide/expression.html]
[famo.us/integrations/angular/examples/example-example23/index.html]
[famo.us/integrations/angular/docs/unstable/api/directive/ngPaste/guide/expression.html]
[famo.us/integrations/angular/examples/example-example24/index.html]
[famo.us/integrations/angular/examples/example-example25/script.js]
[famo.us/integrations/angular/examples/example-example25/index.html]
[famo.us/integrations/angular/examples/example-example26/script.js]
[famo.us/integrations/angular/examples/example-example26/index.html]
[famo.us/integrations/angular/examples/example-example27/index.html]
[famo.us/integrations/angular/examples/example-example28/index.html]
[famo.us/integrations/angular/examples/example-example29/index.html]
[famo.us/integrations/angular/examples/example-example30/index.html]
[famo.us/docs/0.2.0/core/Transform.html]
[famo.us/integrations/angular/examples/example-example31/script.js]
[famo.us/integrations/angular/examples/example-example31/index.html]
[famo.us/integrations/angular/examples/example-example32/index.html]
[famo.us/integrations/angular/examples/example-example33/index.html]
[famo.us/integrations/angular/examples/example-example34/index.html]
[famo.us/integrations/angular/examples/example-example35/script.js]
[famo.us/integrations/angular/examples/example-example35/index.html]
[famo.us/integrations/angular/examples/example-example36/script.js]
[famo.us/integrations/angular/examples/example-example36/index.html]
[famo.us/integrations/angular/examples/example-example37/index.html]
[famo.us/integrations/angular/examples/example-example38/index.html]
[famo.us/integrations/angular/examples/example-example39/script.js]
[famo.us/integrations/angular/examples/example-example39/index.html]
[famo.us/integrations/angular/examples/example-example40/index.html]
[famo.us/integrations/angular/examples/example-example41/index.html]
[famo.us/integrations/angular/examples/example-example42/script.js]
[famo.us/integrations/angular/examples/example-example42/index.html]
[famo.us/docs/core/RenderNode.html]
[famo.us/integrations/angular/examples/example-example43/index.html]
[famo.us/docs/views/Scrollview.html]
[famo.us/integrations/angular/examples/example-example44/index.html]
[famo.us/docs/0.2.0/views/Scrollview/index.html]
[famo.us/integrations/angular/examples/example-example45/index.html]
[famo.us/integrations/angular/examples/example-example46/index.html]
[famo.us/integrations/angular/examples/example-example47/index.html]
[famo.us/integrations/angular/examples/example-example48/index.html]
[famo.us/integrations/angular/examples/example-example49/script.js]
[famo.us/integrations/angular/examples/example-example49/index.html]
[famo.us/integrations/angular/examples/example-example50/script.js]
[famo.us/integrations/angular/examples/example-example50/index.html]
[famo.us/integrations/angular/examples/example-example51/index.html]
[famo.us/integrations/angular/examples/example-example52/script.js]
[famo.us/integrations/angular/examples/example-example52/index.html]
[famo.us/integrations/angular/examples/example-example53/script.js]
[famo.us/integrations/angular/examples/example-example53/index.html]
[famo.us/integrations/angular/examples/example-example54/index.html]
[famo.us/integrations/angular/examples/example-example55/index.html]
[famo.us/integrations/angular/examples/example-example56/index.html]
[famo.us/integrations/angular/examples/example-example57/index.html]
[famo.us/integrations/angular/examples/example-example58/index.html]
[famo.us/integrations/angular/examples/example-example59/index.html]
[famo.us/integrations/angular/examples/example-example60/index.html]
[famo.us/integrations/angular/examples/example-example49/'helloWorld.html]
[famo.us/integrations/angular/examples/example-example61/index.html]
[famo.us/integrations/angular/docs/unstable/api/directive/faImageSurface/index-2.html]
[famo.us/docs/reference/assets/images/famous_logo_white.svg]
[famo.us/docs/reference/pages/0.3/resources.html]
[famo.us/docs/reference/pages/0.3/why-famous.html]
[famo.us/docs/reference/pages/0.3/overview.html]
[famo.us/docs/reference/pages/0.3/download-and-installation.html]
[famo.us/docs/reference/pages/0.3/starter-kit.html]
[famo.us/docs/reference/pages/0.3/what-is-included.html]
[famo.us/docs/reference/pages/0.3/browser-and-device-support.html]
[famo.us/docs/reference/pages/0.3/licensing.html]
[famo.us/docs/reference/pages/0.3/contributing.html]
[famo.us/docs/reference/pages/0.3/core.html]
[famo.us/docs/reference/pages/0.3/the-engine-and-contexts.html]
[famo.us/docs/reference/pages/0.3/contact.html]
[code.famo.us/famous/0.3/famous.css]
[famo.us/docs/reference/pages/0.3/the-famous-stylesheet.html]
[famo.us/docs/reference/pages/0.3/the-render-tree-and-render-nodes.html]
[famo.us/docs/reference/pages/0.3/surfaces.html]
[famo.us/docs/reference/pages/0.3/modifiers.html]
[famo.us/docs/reference/pages/0.3/transforms.html]
[famo.us/docs/reference/pages/0.3/layout.html]
[famo.us/docs/reference/pages/0.3/sizing.html]
[famo.us/docs/reference/pages/0.3/positioning.html]
[famo.us/docs/reference/pages/0.3/ready-made-layouts.html]
[famo.us/docs/reference/pages/0.3/headerfooterlayout.html]
[famo.us/docs/reference/pages/0.3/sequentiallayout.html]
[famo.us/docs/reference/pages/0.3/flexiblelayout.html]
[famo.us/docs/reference/pages/0.3/gridlayout.html]
[famo.us/docs/reference/pages/0.3/nested-layouts.html]
[famo.us/docs/reference/pages/0.3/views.html]
[famo.us/docs/reference/pages/0.3/animation.html]
[famo.us/docs/reference/pages/0.3/tweening.html]
[s3-us-west-2.amazonaws.com/university.famo.us/releases/20141201145729/libraries/famous-0.3.0-globals-compilation.min.js]
[famo.us/docs/reference/pages/0.3/easing-curves.html]
[famo.us/docs/reference/pages/0.3/animation-with-physics.html]
[famo.us/docs/reference/pages/0.3/interaction.html]
[famo.us/docs/reference/pages/0.3/user-input.html]
[famo.us/docs/reference/pages/0.3/events.html]
[famo.us/docs/reference/pages/0.3/physics.html]
[famo.us/docs/reference/pages/0.3/particles-and-forces.html]
[famo.us/docs/reference/pages/0.3/mobile-and-native.html]
[famo.us/docs/reference/pages/0.3/battery-life.html]
[famo.us/docs/reference/pages/0.3/cordova-phonegap.html]
[famo.us/docs/reference/pages/0.3/integrations.html]
[famo.us/docs/reference/pages/0.3/jquery.html]
[famo.us/docs/reference/pages/0.3/troubleshooting.html]
[famo.us/docs/reference/pages/0.3/common-questions.html]
[famo.us/docs/reference/pages/0.3/pitfalls-and-gotchas.html]
[famo.us/docs/reference/pages/0.3/glossary.html]
[famo.us/integrations/angular/bower_components/famous-angular/dist/famous-angular.css]
[famo.us/integrations/angular/examples/example-example/style.css]
[famo.us/community/index.html]
[famo.us/integrations/angular/examples/example-example/GET]
[code.famo.us/famous/global/0.2.2/famous.min.js]
[famo.us/integrations/angular/examples/example-example1/style.css]
[famo.us/integrations/angular/examples/example-example2/style.css]
[famo.us/integrations/angular/examples/example-example3/style.css]
[famo.us/integrations/angular/examples/example-example4/style.css]
[famo.us/integrations/angular/examples/example-example5/style.css]
[famo.us/integrations/angular/examples/example-example6/style.css]
[famo.us/integrations/angular/examples/example-example7/style.css]
[famo.us/integrations/angular/examples/example-example8/style.css]
[famo.us/integrations/angular/examples/example-example9/style.css]
[famo.us/integrations/angular/examples/example-example10/style.css]
[famo.us/integrations/angular/examples/example-example11/style.css]
[famo.us/integrations/angular/examples/example-example25/style.css]
[famo.us/integrations/angular/examples/example-example26/style.css]
[famo.us/integrations/angular/examples/example-example27/style.css]
[famo.us/integrations/angular/examples/example-example28/style.css]
[famo.us/integrations/angular/examples/example-example29/style.css]
[famo.us/integrations/angular/examples/example-example30/style.css]
[famo.us/integrations/angular/examples/example-example31/style.css]
[famo.us/integrations/angular/examples/example-example32/style.css]
[famo.us/integrations/angular/examples/example-example33/style.css]
[famo.us/integrations/angular/examples/example-example34/style.css]
[famo.us/integrations/angular/examples/example-example35/style.css]
[famo.us/integrations/angular/examples/example-example36/style.css]
[famo.us/integrations/angular/examples/example-example37/style.css]
[famo.us/integrations/angular/examples/example-example38/style.css]
[famo.us/integrations/angular/examples/example-example39/style.css]
[famo.us/integrations/angular/examples/example-example40/style.css]
[famo.us/integrations/angular/examples/example-example41/style.css]
[famo.us/integrations/angular/examples/example-example42/style.css]
[famo.us/docs/core/Context.html]
[famo.us/docs/core/ElementAllocator.html]
[famo.us/docs/core/ElementOutput.html]
[famo.us/docs/core/Engine.html]
[famo.us/docs/core/Entity.html]
[famo.us/docs/core/EventEmitter.html]
[famo.us/docs/core/EventHandler.html]
[famo.us/docs/core/Group.html]
[famo.us/docs/core/Modifier.html]
[famo.us/docs/core/OptionsManager.html]
[famo.us/docs/core/Scene.html]
[famo.us/docs/core/SpecParser.html]
[famo.us/docs/core/Surface.html]
[famo.us/docs/core/Transform.html]
[famo.us/docs/core/View.html]
[famo.us/docs/core/ViewSequence.html]
[famo.us/docs/events/EventArbiter.html]
[famo.us/docs/events/EventFilter.html]
[famo.us/docs/events/EventMapper.html]
[famo.us/docs/inputs/Accumulator.html]
[famo.us/docs/inputs/GenericSync.html]
[famo.us/docs/inputs/MouseSync.html]
[famo.us/docs/inputs/PinchSync.html]
[famo.us/docs/inputs/RotateSync.html]
[famo.us/docs/inputs/ScaleSync.html]
[famo.us/docs/inputs/ScrollSync.html]
[famo.us/docs/inputs/TouchSync.html]
[famo.us/docs/inputs/TouchTracker.html]
[famo.us/docs/inputs/TwoFingerSync.html]
[famo.us/docs/math/Matrix.html]
[famo.us/docs/math/Quaternion.html]
[famo.us/docs/math/Random.html]
[famo.us/docs/math/Utilities.html]
[famo.us/docs/math/Vector.html]
[famo.us/docs/modifiers/Draggable.html]
[famo.us/docs/modifiers/Fader.html]
[famo.us/docs/modifiers/ModifierChain.html]
[famo.us/docs/modifiers/StateModifier.html]
[famo.us/docs/physics/PhysicsEngine.html]
[famo.us/docs/physics/bodies/Body.html]
[famo.us/docs/physics/bodies/Circle.html]
[famo.us/docs/physics/bodies/Particle.html]
[famo.us/docs/physics/bodies/Rectangle.html]
[famo.us/docs/physics/constraints/Collision.html]
[famo.us/docs/physics/constraints/Constraint.html]
[famo.us/docs/physics/constraints/Curve.html]
[famo.us/docs/physics/constraints/Distance.html]
[famo.us/docs/physics/constraints/Snap.html]
[famo.us/docs/physics/constraints/Surface.html]
[famo.us/docs/physics/constraints/Wall.html]
[famo.us/docs/physics/constraints/Walls.html]
[famo.us/docs/physics/forces/Drag.html]
[famo.us/docs/physics/forces/Force.html]
[famo.us/docs/physics/forces/Repulsion.html]
[famo.us/docs/physics/forces/RotationalDrag.html]
[famo.us/docs/physics/forces/RotationalSpring.html]
[famo.us/docs/physics/forces/Spring.html]
[famo.us/docs/physics/forces/VectorField.html]
[famo.us/docs/physics/integrators/SymplecticEuler.html]
[famo.us/docs/surfaces/CanvasSurface.html]
[famo.us/docs/surfaces/ContainerSurface.html]
[famo.us/docs/surfaces/ImageSurface.html]
[famo.us/docs/surfaces/InputSurface.html]
[famo.us/docs/surfaces/TextareaSurface.html]
[famo.us/docs/surfaces/VideoSurface.html]
[famo.us/docs/transitions/CachedMap.html]
[famo.us/docs/transitions/Easing.html]
[famo.us/docs/transitions/MultipleTransition.html]
[famo.us/docs/transitions/SnapTransition.html]
[famo.us/docs/transitions/SpringTransition.html]
[famo.us/docs/transitions/Transitionable.html]
[famo.us/docs/transitions/TransitionableTransform.html]
[famo.us/docs/transitions/TweenTransition.html]
[famo.us/docs/transitions/WallTransition.html]
[famo.us/docs/utilities/KeyCodes.html]
[famo.us/docs/utilities/Timer.html]
[famo.us/docs/utilities/Utility.html]
[famo.us/docs/views/ContextualView.html]
[famo.us/docs/views/Deck.html]
[famo.us/docs/views/DrawerLayout.html]
[famo.us/docs/views/EdgeSwapper.html]
[famo.us/docs/views/FlexibleLayout.html]
[famo.us/docs/views/Flipper.html]
[famo.us/docs/views/GridLayout.html]
[famo.us/docs/views/HeaderFooterLayout.html]
[famo.us/docs/views/Lightbox.html]
[famo.us/docs/views/RenderController.html]
[famo.us/docs/views/ScrollContainer.html]
[famo.us/docs/views/Scroller.html]
[famo.us/docs/views/SequentialLayout.html]
[famo.us/docs/widgets/NavigationBar.html]
[famo.us/docs/widgets/ToggleButton.html]
[famo.us/integrations/angular/examples/example-example43/style.css]
[famo.us/integrations/angular/examples/example-example44/style.css]
[famo.us/integrations/angular/examples/example-example45/style.css]
[famo.us/integrations/angular/examples/example-example48/style.css]
[famo.us/integrations/angular/examples/example-example49/style.css]
[famo.us/integrations/angular/examples/example-example49/'helloWorld.html]
[famo.us/integrations/angular/examples/example-example50/style.css]
[famo.us/integrations/angular/examples/example-example51/style.css]
[famo.us/integrations/angular/examples/example-example52/style.css]
[famo.us/integrations/angular/examples/example-example53/style.css]
[famo.us/integrations/angular/examples/example-example54/style.css]
[famo.us/integrations/angular/examples/example-example55/style.css]
[famo.us/integrations/angular/examples/example-example56/style.css]
[famo.us/integrations/angular/examples/example-example57/style.css]
[famo.us/integrations/angular/examples/example-example58/style.css]
[famo.us/integrations/angular/examples/example-example59/style.css]
[famo.us/integrations/angular/examples/example-example60/style.css]
[famo.us/integrations/angular/examples/example-example61/style.css]
[famo.us/docs/reference/pages/0.3/famous-angular.html]
[famo.us/docs/reference/pages/0.3/responsive-sizing.html]
[famo.us/docs/reference/pages/0.3/contact.html]
[famo.us/cla]
[code.famo.us/famous/0.3/famous.css]
[famo.us/docs/reference/pages/0.3/widgets.html]
[famo.us/docs/reference/pages/0.3/html-and-css.html]
[famo.us/docs/reference/pages/0.3/bodies-and-constraints.html]
[famo.us/docs/reference/pages/0.3/collisions.html]
[famo.us/docs/reference/pages/0.3/vectors-and-fields.html]
[famo.us/docs/reference/pages/0.3/torque-and-orientation.html]
[famo.us/docs/reference/pages/0.3/developer-tools.html]
[famo.us/community/index.html]
[famo.us/docs/reference/pages/0.3/scrollview.html]
[famo.us/integrations/angular/examples/example-example/GET.html]
[famo.us/cla/index.html]
